// Jest Snapshot v1, https://goo.gl/fbAQLP

exports[`Harvest shoul render a div 1`] = `
<div>
  Initial implementation
</div>
`;
