// Jest Snapshot v1, https://goo.gl/fbAQLP

exports[`banking reconciliator should correctly reconciliate when accounts exist 1`] = `
Array [
  Array [
    Object {
      "_id": 123,
      "balance": 1000,
      "label": "Bank account 1",
      "number": 1,
      "vendorId": 2,
    },
  ],
  Array [
    Object {
      "_id": undefined,
      "balance": 1000,
      "label": "Bank account 1 - Titres",
      "number": 1,
      "vendorId": 2,
    },
  ],
  Array [
    Object {
      "account": 2,
      "amount": -200,
      "date": "2018-06-24T00:00",
      "label": "Debit 200",
      "vendorAccountId": 2,
    },
  ],
  Array [
    Object {
      "account": 2,
      "amount": -100,
      "date": "2018-06-27T00:00",
      "label": "Debit 100",
      "vendorAccountId": 2,
    },
  ],
]
`;
