// Jest Snapshot v1, https://goo.gl/fbAQLP

exports[`AccountCreator should render 1`] = `
<Wrapper
  onSubmit={[Function]}
/>
`;
