// Jest Snapshot v1, https://goo.gl/fbAQLP

exports[`AccountEditor should render 1`] = `
<Wrapper
  initialValues={
    Object {
      "passphrase": "bar",
      "username": "foo",
    }
  }
  konnector={
    Object {
      "slug": "konnectest",
    }
  }
  onSubmit={[Function]}
/>
`;
