// Jest Snapshot v1, https://goo.gl/fbAQLP

exports[`Account mutations watchAccount should return an account watcher with correct properties 1`] = `
KonnectorAccountWatcher {
  "account": Object {
    "accountType": "dummy",
    "auth": Object {},
  },
  "client": Object {
    "collection": [MockFunction],
    "create": [MockFunction],
    "query": [MockFunction],
    "save": [MockFunction],
    "where": [MockFunction],
  },
  "options": Object {
    "onError": [MockFunction],
    "onLoginSuccess": [MockFunction],
    "onSuccess": [MockFunction],
  },
}
`;
