// Jest Snapshot v1, https://goo.gl/fbAQLP

exports[`Trigger mutations watchKonnectorJob should return a job watcher with correct properties 1`] = `
KonnectorJobWatcher {
  "_error": null,
  "_runOption": [Function],
  "_succeed": false,
  "client": Object {
    "collection": [MockFunction],
    "create": [MockFunction],
    "options": Object {
      "uri": "cozy.tools:8080",
    },
    "stackClient": Object {
      "token": Object {
        "token": "1234abcd",
      },
    },
  },
  "disableSuccessTimer": [Function],
  "handleError": [Function],
  "handleSuccess": [Function],
  "handleSuccessDelay": [Function],
  "job": Object {
    "source": "timeout",
    "state": "queued",
  },
  "options": Object {
    "expectedSuccessDelay": 8000,
    "onError": [MockFunction],
    "onLoginSuccess": [MockFunction],
    "onSuccess": [MockFunction],
  },
  "successTimer": null,
}
`;
